[2024-10-25 23:17:25]-[main.py]-[pretrain_main]-[INFO] - Setting up MLflow tracking...
[2024-10-25 23:17:25]-[main.py]-[pretrain_main]-[INFO] - Creating DataLoaders...
[2024-10-25 23:17:25]-[MaskMethod.py]-[__init__]-[INFO] - Initialized MaskGraph with atom_feat_dim=42, fragment_feat_dim=196
[2024-10-25 23:17:25]-[data.py]-[create_dataset]-[INFO] - Creating dataset for train...
[2024-10-25 23:17:26]-[data.py]-[load_SDF_directory]-[INFO] - Loaded 266336 SDF files in /home/ubuntu/project/AmpHGT/datasets/pretrain/unlabelled_cleaned_sequences_mol
[2024-10-25 23:17:26]-[data.py]-[load_vocabdict]-[INFO] - Loaded 227 fragments from /home/ubuntu/project/amphgt_refactor/tokenizer/vocablist/vocab_1.json
[2024-10-25 23:17:26]-[data.py]-[verify_splits]-[INFO] - Train len: 213068 hash: 08f5df69bdd18dbec567092ecf090254f87a639a3e701f7b615a3ba44f70d5a0
[2024-10-25 23:17:26]-[data.py]-[verify_splits]-[INFO] - Valid len: 26633 hash: cbd56c3dd5860082566819aabd207521efd572bdb4c06a32dc0688d71e8fb178
[2024-10-25 23:17:26]-[data.py]-[verify_splits]-[INFO] - Test len: 26635 hash: 4271bbb008057693e3ca2d91e282047430da92998dec11220035d1661386b83f
[2024-10-25 23:17:26]-[data.py]-[create_dataset]-[INFO] - Creating dataset for valid...
[2024-10-25 23:17:27]-[data.py]-[load_SDF_directory]-[INFO] - Loaded 266336 SDF files in /home/ubuntu/project/AmpHGT/datasets/pretrain/unlabelled_cleaned_sequences_mol
[2024-10-25 23:17:27]-[data.py]-[load_vocabdict]-[INFO] - Loaded 227 fragments from /home/ubuntu/project/amphgt_refactor/tokenizer/vocablist/vocab_1.json
[2024-10-25 23:17:28]-[data.py]-[verify_splits]-[INFO] - Train len: 213068 hash: 08f5df69bdd18dbec567092ecf090254f87a639a3e701f7b615a3ba44f70d5a0
[2024-10-25 23:17:28]-[data.py]-[verify_splits]-[INFO] - Valid len: 26633 hash: cbd56c3dd5860082566819aabd207521efd572bdb4c06a32dc0688d71e8fb178
[2024-10-25 23:17:28]-[data.py]-[verify_splits]-[INFO] - Test len: 26635 hash: 4271bbb008057693e3ca2d91e282047430da92998dec11220035d1661386b83f
[2024-10-25 23:17:28]-[data.py]-[create_dataset]-[INFO] - Creating dataset for test...
[2024-10-25 23:17:29]-[data.py]-[load_SDF_directory]-[INFO] - Loaded 266336 SDF files in /home/ubuntu/project/AmpHGT/datasets/pretrain/unlabelled_cleaned_sequences_mol
[2024-10-25 23:17:29]-[data.py]-[load_vocabdict]-[INFO] - Loaded 227 fragments from /home/ubuntu/project/amphgt_refactor/tokenizer/vocablist/vocab_1.json
[2024-10-25 23:17:30]-[data.py]-[verify_splits]-[INFO] - Train len: 213068 hash: 08f5df69bdd18dbec567092ecf090254f87a639a3e701f7b615a3ba44f70d5a0
[2024-10-25 23:17:30]-[data.py]-[verify_splits]-[INFO] - Valid len: 26633 hash: cbd56c3dd5860082566819aabd207521efd572bdb4c06a32dc0688d71e8fb178
[2024-10-25 23:17:30]-[data.py]-[verify_splits]-[INFO] - Test len: 26635 hash: 4271bbb008057693e3ca2d91e282047430da92998dec11220035d1661386b83f
[2024-10-25 23:17:30]-[main.py]-[pretrain_main]-[INFO] - Setting up model...
[2024-10-25 23:17:30]-[main.py]-[pretrain_main]-[INFO] - Setting up PepMAE decoder...
[2024-10-25 23:17:30]-[main.py]-[pretrain_main]-[INFO] - Setting up optimizers...
[2024-10-25 23:17:31]-[cmd.py]-[execute]-[DEBUG] - Popen(['git', 'version'], cwd=/home/ubuntu/project/amphgt_refactor, stdin=None, shell=False, universal_newlines=False)
[2024-10-25 23:17:31]-[cmd.py]-[execute]-[DEBUG] - Popen(['git', 'version'], cwd=/home/ubuntu/project/amphgt_refactor, stdin=None, shell=False, universal_newlines=False)
[2024-10-25 23:17:32]-[main.py]-[pretrain_main]-[INFO] - Logging hyper-parameters...
[2024-10-25 23:17:32]-[main.py]-[pretrain_main]-[INFO] - Initializing trainer...
[2024-10-25 23:17:32]-[main.py]-[pretrain_main]-[INFO] - Starting training...
[2024-10-25 23:19:58]-[pretrain_trainer.py]-[train_epoch]-[INFO] - Step 10 | Total Loss: 1.6645 | Atom Loss: 0.2491 | Fragment Loss: 0.2916
[2024-10-25 23:21:13]-[pretrain_trainer.py]-[train_epoch]-[INFO] - Step 20 | Total Loss: 1.0844 | Atom Loss: 0.1545 | Fragment Loss: 0.1938
[2024-10-25 23:22:33]-[pretrain_trainer.py]-[train_epoch]-[INFO] - Step 30 | Total Loss: 0.7575 | Atom Loss: 0.1078 | Fragment Loss: 0.1355
[2024-10-25 23:23:47]-[pretrain_trainer.py]-[train_epoch]-[INFO] - Step 40 | Total Loss: 0.5810 | Atom Loss: 0.0830 | Fragment Loss: 0.1038
[2024-10-25 23:26:03]-[pretrain_trainer.py]-[train_epoch]-[INFO] - Step 50 | Total Loss: 0.4732 | Atom Loss: 0.0679 | Fragment Loss: 0.0844
[2024-10-25 23:27:21]-[pretrain_trainer.py]-[train_epoch]-[INFO] - Step 60 | Total Loss: 0.4007 | Atom Loss: 0.0577 | Fragment Loss: 0.0713
[2024-10-25 23:28:41]-[pretrain_trainer.py]-[train_epoch]-[INFO] - Step 70 | Total Loss: 0.3487 | Atom Loss: 0.0504 | Fragment Loss: 0.0620
[2024-10-25 23:29:52]-[pretrain_trainer.py]-[train_epoch]-[INFO] - Step 80 | Total Loss: 0.3096 | Atom Loss: 0.0449 | Fragment Loss: 0.0550
[2024-10-25 23:32:06]-[pretrain_trainer.py]-[train_epoch]-[INFO] - Step 90 | Total Loss: 0.2792 | Atom Loss: 0.0406 | Fragment Loss: 0.0495
[2024-10-25 23:33:24]-[pretrain_trainer.py]-[train_epoch]-[INFO] - Step 100 | Total Loss: 0.2547 | Atom Loss: 0.0372 | Fragment Loss: 0.0451
[2024-10-25 23:34:42]-[pretrain_trainer.py]-[train_epoch]-[INFO] - Step 110 | Total Loss: 0.2346 | Atom Loss: 0.0344 | Fragment Loss: 0.0415
[2024-10-25 23:35:58]-[pretrain_trainer.py]-[train_epoch]-[INFO] - Step 120 | Total Loss: 0.2178 | Atom Loss: 0.0320 | Fragment Loss: 0.0384
[2024-10-25 23:38:02]-[pretrain_trainer.py]-[train_epoch]-[INFO] - Step 130 | Total Loss: 0.2035 | Atom Loss: 0.0300 | Fragment Loss: 0.0359
[2024-10-25 23:39:31]-[pretrain_trainer.py]-[train_epoch]-[INFO] - Step 140 | Total Loss: 0.1910 | Atom Loss: 0.0283 | Fragment Loss: 0.0336
[2024-10-25 23:40:51]-[pretrain_trainer.py]-[train_epoch]-[INFO] - Step 150 | Total Loss: 0.1800 | Atom Loss: 0.0268 | Fragment Loss: 0.0316
[2024-10-25 23:42:03]-[pretrain_trainer.py]-[train_epoch]-[INFO] - Step 160 | Total Loss: 0.1702 | Atom Loss: 0.0255 | Fragment Loss: 0.0298
